#
# There is insufficient memory for the Java Runtime Environment to continue.
# Native memory allocation (mmap) failed to map 132120576 bytes for Failed to commit area from 0x0000000082600000 to 0x000000008a400000 of length 132120576.
# Possible reasons:
#   The system is out of physical RAM or swap space
#   The process is running with CompressedOops enabled, and the Java Heap may be blocking the growth of the native heap
# Possible solutions:
#   Reduce memory load on the system
#   Increase physical memory or swap space
#   Check if swap backing store is full
#   Decrease Java heap size (-Xmx/-Xms)
#   Decrease number of Java threads
#   Decrease Java thread stack sizes (-Xss)
#   Set larger code cache with -XX:ReservedCodeCacheSize=
# This output file may be truncated or incomplete.
#
#  Out of Memory Error (./src/hotspot/os/windows/os_windows.cpp:3387), pid=21836, tid=9900
#
# JRE version:  (11.0.14.1+1) (build )
# Java VM: OpenJDK 64-Bit Server VM (11.0.14.1+1, mixed mode, sharing, tiered, compressed oops, g1 gc, windows-amd64)
# No core dump will be written. Minidumps are not enabled by default on client versions of Windows
#

---------------  S U M M A R Y ------------

Command Line: -Dfile.encoding=UTF-8 org.gradle.launcher.GradleMain -Dorg.gradle.jvmargs=-Xmx4096m --stop

Host: 12th Gen Intel(R) Core(TM) i5-12400F, 12 cores, 7G,  Windows 10 , 64 bit Build 19041 (10.0.19041.3636)
Time: Thu Apr 25 10:51:47 2024 Eastern Daylight Time elapsed time: 0.036418 seconds (0d 0h 0m 0s)

---------------  T H R E A D  ---------------

Current thread (0x0000029325366000):  JavaThread "Unknown thread" [_thread_in_vm, id=9900, stack(0x000000e7a2400000,0x000000e7a2500000)]

Stack: [0x000000e7a2400000,0x000000e7a2500000]
Native frames: (J=compiled Java code, j=interpreted, Vv=VM code, C=native code)
V  [jvm.dll+0x61e59a]
V  [jvm.dll+0x7aaca9]
V  [jvm.dll+0x7ac398]
V  [jvm.dll+0x7aca73]
V  [jvm.dll+0x24f9b8]
V  [jvm.dll+0x61b83a]
V  [jvm.dll+0x6100c5]
V  [jvm.dll+0x30772c]
V  [jvm.dll+0x3075b2]
V  [jvm.dll+0x30c2d6]
V  [jvm.dll+0x35272f]
V  [jvm.dll+0x352160]
V  [jvm.dll+0x2e4728]
V  [jvm.dll+0x2e5886]
V  [jvm.dll+0x784b07]
V  [jvm.dll+0x78628f]
V  [jvm.dll+0x35f479]
V  [jvm.dll+0x767aa0]
V  [jvm.dll+0x3ccf1f]
V  [jvm.dll+0x3cf2b1]
C  [jli.dll+0x5207]
C  [ucrtbase.dll+0x21bb2]
C  [KERNEL32.DLL+0x17344]
C  [ntdll.dll+0x526b1]


---------------  P R O C E S S  ---------------

Threads class SMR info:
_java_thread_list=0x00000293230e3a20, length=0, elements={
}

Java Threads: ( => current thread )

Other Threads:
  0x000002932537c800 GCTaskThread "GC Thread#0" [stack: 0x000000e7a2500000,0x000000e7a2600000] [id=18516]
  0x00000293253ae800 ConcurrentGCThread "G1 Main Marker" [stack: 0x000000e7a2600000,0x000000e7a2700000] [id=8436]
  0x00000293253b1000 ConcurrentGCThread "G1 Conc#0" [stack: 0x000000e7a2700000,0x000000e7a2800000] [id=11132]

[error occurred during error reporting (printing all threads), id 0xc0000005, EXCEPTION_ACCESS_VIOLATION (0xc0000005) at pc=0x00007ffb99083ef7]

VM state:not at safepoint (not fully initialized)

VM Mutex/Monitor currently owned by a thread:  ([mutex/lock_event])
[0x00000293253608d0] Heap_lock - owner thread: 0x0000029325366000

Heap address: 0x0000000082600000, size: 2010 MB, Compressed Oops mode: Non-zero based: 0x0000000082600000
Narrow klass base: 0x0000000000000000, Narrow klass shift: 0

GC Heap History (0 events):
No events

Deoptimization events (0 events):
No events

Classes redefined (0 events):
No events

Internal exceptions (0 events):
No events

Events (1 events):
Event: 0.026 Loaded shared library D:\SeniorProject\2022.3.8f1\Editor\Data\PlaybackEngines\AndroidPlayer\OpenJDK\bin\zip.dll


Dynamic libraries:
0x00007ff7b51b0000 - 0x00007ff7b51bd000 	D:\SeniorProject\2022.3.8f1\Editor\Data\PlaybackEngines\AndroidPlayer\OpenJDK\bin\java.exe
0x00007ffc18b90000 - 0x00007ffc18d88000 	C:\WINDOWS\SYSTEM32\ntdll.dll
0x00007ffc178f0000 - 0x00007ffc179ad000 	C:\WINDOWS\System32\KERNEL32.DLL
0x00007ffc16520000 - 0x00007ffc16816000 	C:\WINDOWS\System32\KERNELBASE.dll
0x00007ffc16820000 - 0x00007ffc16920000 	C:\WINDOWS\System32\ucrtbase.dll
0x00007ffbe99f0000 - 0x00007ffbe9a05000 	D:\SeniorProject\2022.3.8f1\Editor\Data\PlaybackEngines\AndroidPlayer\OpenJDK\bin\VCRUNTIME140.dll
0x00007ffbe99d0000 - 0x00007ffbe99e7000 	D:\SeniorProject\2022.3.8f1\Editor\Data\PlaybackEngines\AndroidPlayer\OpenJDK\bin\jli.dll
0x00007ffc18840000 - 0x00007ffc189df000 	C:\WINDOWS\System32\USER32.dll
0x00007ffc162e0000 - 0x00007ffc16302000 	C:\WINDOWS\System32\win32u.dll
0x00007ffc178c0000 - 0x00007ffc178eb000 	C:\WINDOWS\System32\GDI32.dll
0x00007ffc16400000 - 0x00007ffc16517000 	C:\WINDOWS\System32\gdi32full.dll
0x00007ffc16360000 - 0x00007ffc163fd000 	C:\WINDOWS\System32\msvcp_win.dll
0x00007ffc0a7a0000 - 0x00007ffc0aa3a000 	C:\WINDOWS\WinSxS\amd64_microsoft.windows.common-controls_6595b64144ccf1df_6.0.19041.3636_none_60b6a03d71f818d5\COMCTL32.dll
0x00007ffc18ab0000 - 0x00007ffc18b4e000 	C:\WINDOWS\System32\msvcrt.dll
0x00007ffc16f90000 - 0x00007ffc16fc2000 	C:\WINDOWS\System32\IMM32.DLL
0x00007ffbe9930000 - 0x00007ffbe99cb000 	D:\SeniorProject\2022.3.8f1\Editor\Data\PlaybackEngines\AndroidPlayer\OpenJDK\bin\msvcp140.dll
0x00007ffb98d90000 - 0x00007ffb99911000 	D:\SeniorProject\2022.3.8f1\Editor\Data\PlaybackEngines\AndroidPlayer\OpenJDK\bin\server\jvm.dll
0x00007ffc18010000 - 0x00007ffc180c0000 	C:\WINDOWS\System32\ADVAPI32.dll
0x00007ffc17a40000 - 0x00007ffc17ae0000 	C:\WINDOWS\System32\sechost.dll
0x00007ffc17ee0000 - 0x00007ffc18003000 	C:\WINDOWS\System32\RPCRT4.dll
0x00007ffc162b0000 - 0x00007ffc162d7000 	C:\WINDOWS\System32\bcrypt.dll
0x00007ffc18830000 - 0x00007ffc18838000 	C:\WINDOWS\System32\PSAPI.DLL
0x00007ffc0bad0000 - 0x00007ffc0baf7000 	C:\WINDOWS\SYSTEM32\WINMM.dll
0x00007ffc0daf0000 - 0x00007ffc0dafa000 	C:\WINDOWS\SYSTEM32\VERSION.dll
0x00007ffc08050000 - 0x00007ffc08059000 	C:\WINDOWS\SYSTEM32\WSOCK32.dll
0x00007ffc18a40000 - 0x00007ffc18aab000 	C:\WINDOWS\System32\ws2_32.DLL
0x00007ffc140f0000 - 0x00007ffc14102000 	C:\WINDOWS\SYSTEM32\kernel.appcore.dll
0x00007ffbe9920000 - 0x00007ffbe9930000 	D:\SeniorProject\2022.3.8f1\Editor\Data\PlaybackEngines\AndroidPlayer\OpenJDK\bin\verify.dll
0x00007ffc0b190000 - 0x00007ffc0b374000 	C:\WINDOWS\SYSTEM32\DBGHELP.DLL
0x00007ffbf67e0000 - 0x00007ffbf6814000 	C:\WINDOWS\SYSTEM32\dbgcore.DLL
0x00007ffc169d0000 - 0x00007ffc16a52000 	C:\WINDOWS\System32\bcryptPrimitives.dll
0x00007ffbe98f0000 - 0x00007ffbe9918000 	D:\SeniorProject\2022.3.8f1\Editor\Data\PlaybackEngines\AndroidPlayer\OpenJDK\bin\java.dll
0x00007ffbe9800000 - 0x00007ffbe980a000 	D:\SeniorProject\2022.3.8f1\Editor\Data\PlaybackEngines\AndroidPlayer\OpenJDK\bin\jimage.dll
0x00007ffbe97e0000 - 0x00007ffbe97f8000 	D:\SeniorProject\2022.3.8f1\Editor\Data\PlaybackEngines\AndroidPlayer\OpenJDK\bin\zip.dll

dbghelp: loaded successfully - version: 4.0.5 - missing functions: none
symbol engine: initialized successfully - sym options: 0x614 - pdb path: .;D:\SeniorProject\2022.3.8f1\Editor\Data\PlaybackEngines\AndroidPlayer\OpenJDK\bin;C:\WINDOWS\SYSTEM32;C:\WINDOWS\WinSxS\amd64_microsoft.windows.common-controls_6595b64144ccf1df_6.0.19041.3636_none_60b6a03d71f818d5;D:\SeniorProject\2022.3.8f1\Editor\Data\PlaybackEngines\AndroidPlayer\OpenJDK\bin\server

VM Arguments:
jvm_args: -Dfile.encoding=UTF-8 
java_command: org.gradle.launcher.GradleMain -Dorg.gradle.jvmargs=-Xmx4096m --stop
java_class_path (initial): D:\SeniorProject\2022.3.8f1\Editor\Data\PlaybackEngines\AndroidPlayer\Tools\gradle\lib\gradle-launcher-7.2.jar
Launcher Type: SUN_STANDARD

[Global flags]
     intx CICompilerCount                          = 4                                         {product} {ergonomic}
     uint ConcGCThreads                            = 3                                         {product} {ergonomic}
     uint G1ConcRefinementThreads                  = 10                                        {product} {ergonomic}
   size_t G1HeapRegionSize                         = 1048576                                   {product} {ergonomic}
    uintx GCDrainStackTargetSize                   = 64                                        {product} {ergonomic}
   size_t InitialHeapSize                          = 132120576                                 {product} {ergonomic}
   size_t MarkStackSize                            = 4194304                                   {product} {ergonomic}
   size_t MaxHeapSize                              = 2107637760                                {product} {ergonomic}
   size_t MinHeapDeltaBytes                        = 1048576                                   {product} {ergonomic}
    uintx NonNMethodCodeHeapSize                   = 5836300                                {pd product} {ergonomic}
    uintx NonProfiledCodeHeapSize                  = 122910970                              {pd product} {ergonomic}
    uintx ProfiledCodeHeapSize                     = 122910970                              {pd product} {ergonomic}
    uintx ReservedCodeCacheSize                    = 251658240                              {pd product} {ergonomic}
     bool SegmentedCodeCache                       = true                                      {product} {ergonomic}
     bool UseCompressedClassPointers               = true                                 {lp64_product} {ergonomic}
     bool UseCompressedOops                        = true                                 {lp64_product} {ergonomic}
     bool UseG1GC                                  = true                                      {product} {ergonomic}
     bool UseLargePagesIndividualAllocation        = false                                  {pd product} {ergonomic}

Logging:
Log output configuration:
 #0: stdout all=warning uptime,level,tags
 #1: stderr all=off uptime,level,tags

Environment Variables:
JAVA_HOME=D:\SeniorProject\2022.3.8f1\Editor\Data\PlaybackEngines\AndroidPlayer\OpenJDK
JAVA_TOOL_OPTIONS=-Dfile.encoding=UTF-8
PATH=C:\Program Files (x86)\VMware\VMware Player\bin\;C:\Program Files\Oculus\Support\oculus-runtime;C:\Python312\Scripts\;C:\Python312\;C:\Program Files (x86)\Razer Chroma SDK\bin;C:\Program Files\Razer Chroma SDK\bin;C:\Program Files (x86)\Razer\ChromaBroadcast\bin;C:\Program Files\Razer\ChromaBroadcast\bin;C:\WINDOWS\system32;C:\WINDOWS;C:\WINDOWS\System32\Wbem;C:\WINDOWS\System32\WindowsPowerShell\v1.0\;C:\WINDOWS\System32\OpenSSH\;C:\Program Files (x86)\NVIDIA Corporation\PhysX\Common;C:\Program Files\NVIDIA Corporation\NVIDIA NvDLISR;C:\WINDOWS\system32\config\systemprofile\AppData\Local\Microsoft\WindowsApps;C:\Program Files\dotnet\;C:\Program Files\Git\cmd;C:\Program Files\nodejs\;C:\ProgramData\chocolatey\bin;C:\Users\Noah P\AppData\Local\Microsoft\WindowsApps;C:\Users\Noah P\.dotnet\tools;C:\Users\Noah P\AppData\Local\GitHubDesktop\bin;C:\Users\Noah P\AppData\Local\Programs\Microsoft VS Code\bin;C:\Users\Noah P\AppData\Roaming\npm;C:\Users\Noah P\AppData\Local\Pandoc\
USERNAME=Noah
OS=Windows_NT
PROCESSOR_IDENTIFIER=Intel64 Family 6 Model 151 Stepping 5, GenuineIntel



---------------  S Y S T E M  ---------------

OS: Windows 10 , 64 bit Build 19041 (10.0.19041.3636)
OS uptime: 0 days 22:20 hours

CPU:total 12 (initial active 12) (6 cores per cpu, 2 threads per core) family 6 model 151 stepping 5 microcode 0x1e, cmov, cx8, fxsr, mmx, sse, sse2, sse3, ssse3, sse4.1, sse4.2, popcnt, avx, avx2, aes, clmul, erms, 3dnowpref, lzcnt, ht, tsc, tscinvbit, bmi1, bmi2, adx, sha, fma

Memory: 4k page, system-wide physical 8034M (242M free)
TotalPageFile size 32610M (AvailPageFile size 33M)
current process WorkingSet (physical memory assigned to process): 10M, peak: 10M
current process commit charge ("private bytes"): 64M, peak: 190M

vm_info: OpenJDK 64-Bit Server VM (11.0.14.1+1) for windows-amd64 JRE (11.0.14.1+1), built on Feb  9 2022 01:48:27 by "" with unknown MS VC++:1916

END.
