Using pre-set license
Built from '2022.3/staging' branch; Version is '2022.3.8f1 (b5eafc012955) revision 11922172'; Using compiler version '192829333'; Build Type 'Release'
OS: 'Windows 10  (10.0.19045) 64bit Core' Language: 'en' Physical Memory: 8034 MB
BatchMode: 1, IsHumanControllingUs: 0, StartBugReporterOnCrash: 0, Is64bit: 1, IsPro: 1

COMMAND LINE ARGUMENTS:
D:\SeniorProject\2022.3.8f1\Editor\Unity.exe
-adb2
-batchMode
-noUpm
-name
AssetImportWorker0
-projectPath
D:/SeniorProject/final/tungsten_11c_vr_game-psb/tungsten11cVRgame
-logFile
Logs/AssetImportWorker0.log
-srvPort
60772
Successfully changed project path to: D:/SeniorProject/final/tungsten_11c_vr_game-psb/tungsten11cVRgame
D:/SeniorProject/final/tungsten_11c_vr_game-psb/tungsten11cVRgame
[UnityMemory] Configuration Parameters - Can be set up in boot.config
    "memorysetup-bucket-allocator-granularity=16"
    "memorysetup-bucket-allocator-bucket-count=8"
    "memorysetup-bucket-allocator-block-size=33554432"
    "memorysetup-bucket-allocator-block-count=8"
    "memorysetup-main-allocator-block-size=16777216"
    "memorysetup-thread-allocator-block-size=16777216"
    "memorysetup-gfx-main-allocator-block-size=16777216"
    "memorysetup-gfx-thread-allocator-block-size=16777216"
    "memorysetup-cache-allocator-block-size=4194304"
    "memorysetup-typetree-allocator-block-size=2097152"
    "memorysetup-profiler-bucket-allocator-granularity=16"
    "memorysetup-profiler-bucket-allocator-bucket-count=8"
    "memorysetup-profiler-bucket-allocator-block-size=33554432"
    "memorysetup-profiler-bucket-allocator-block-count=8"
    "memorysetup-profiler-allocator-block-size=16777216"
    "memorysetup-profiler-editor-allocator-block-size=1048576"
    "memorysetup-temp-allocator-size-main=16777216"
    "memorysetup-job-temp-allocator-block-size=2097152"
    "memorysetup-job-temp-allocator-block-size-background=1048576"
    "memorysetup-job-temp-allocator-reduction-small-platforms=262144"
    "memorysetup-allocator-temp-initial-block-size-main=262144"
    "memorysetup-allocator-temp-initial-block-size-worker=262144"
    "memorysetup-temp-allocator-size-background-worker=32768"
    "memorysetup-temp-allocator-size-job-worker=262144"
    "memorysetup-temp-allocator-size-preload-manager=33554432"
    "memorysetup-temp-allocator-size-nav-mesh-worker=65536"
    "memorysetup-temp-allocator-size-audio-worker=65536"
    "memorysetup-temp-allocator-size-cloud-worker=32768"
    "memorysetup-temp-allocator-size-gi-baking-worker=262144"
    "memorysetup-temp-allocator-size-gfx=262144"
Player connection [920] Host "[IP] 192.168.234.1 [Port] 0 [Flags] 2 [Guid] 531001445 [EditorId] 531001445 [Version] 1048832 [Id] WindowsEditor(7,DESKTOP-8TMGO06) [Debug] 1 [PackageName] WindowsEditor [ProjectName] Editor" joined multi-casting on [225.0.0.222:54997]...

Player connection [920] Host "[IP] 192.168.234.1 [Port] 0 [Flags] 2 [Guid] 531001445 [EditorId] 531001445 [Version] 1048832 [Id] WindowsEditor(7,DESKTOP-8TMGO06) [Debug] 1 [PackageName] WindowsEditor [ProjectName] Editor" joined alternative multi-casting on [225.0.0.222:34997]...

[Physics::Module] Initialized MultithreadedJobDispatcher with 11 workers.
Refreshing native plugins compatible for Editor in 12.45 ms, found 12 plugins.
Preloading 1 native plugins for Editor in 0.44 ms.
Initialize engine version: 2022.3.8f1 (b5eafc012955)
[Subsystems] Discovering subsystems at path D:/SeniorProject/2022.3.8f1/Editor/Data/Resources/UnitySubsystems
[Subsystems] Discovering subsystems at path D:/SeniorProject/final/tungsten_11c_vr_game-psb/tungsten11cVRgame/Assets
GfxDevice: creating device client; threaded=0; jobified=0
Direct3D:
    Version:  Direct3D 11.0 [level 11.1]
    Renderer: NVIDIA GeForce RTX 3080 (ID=0x2216)
    Vendor:   NVIDIA
    VRAM:     10067 MB
    Driver:   31.0.15.3623
Initialize mono
Mono path[0] = 'D:/SeniorProject/2022.3.8f1/Editor/Data/Managed'
Mono path[1] = 'D:/SeniorProject/2022.3.8f1/Editor/Data/MonoBleedingEdge/lib/mono/unityjit-win32'
Mono config path = 'D:/SeniorProject/2022.3.8f1/Editor/Data/MonoBleedingEdge/etc'
Using monoOptions --debugger-agent=transport=dt_socket,embedding=1,server=y,suspend=n,address=127.0.0.1:56180
Begin MonoManager ReloadAssembly
Registering precompiled unity dll's ...
Register platform support module: D:/SeniorProject/2022.3.8f1/Editor/Data/PlaybackEngines/WebGLSupport/UnityEditor.WebGL.Extensions.dll
Register platform support module: D:/SeniorProject/2022.3.8f1/Editor/Data/PlaybackEngines/MacStandaloneSupport/UnityEditor.OSXStandalone.Extensions.dll
Register platform support module: D:/SeniorProject/2022.3.8f1/Editor/Data/PlaybackEngines/AndroidPlayer/UnityEditor.Android.Extensions.dll
Register platform support module: D:/SeniorProject/2022.3.8f1/Editor/Data/PlaybackEngines/iOSSupport/UnityEditor.iOS.Extensions.dll
Register platform support module: D:/SeniorProject/2022.3.8f1/Editor/Data/PlaybackEngines/AppleTVSupport/UnityEditor.AppleTV.Extensions.dll
Register platform support module: D:/SeniorProject/2022.3.8f1/Editor/Data/PlaybackEngines/WindowsStandaloneSupport/UnityEditor.WindowsStandalone.Extensions.dll
Register platform support module: D:/SeniorProject/2022.3.8f1/Editor/Data/PlaybackEngines/LinuxStandaloneSupport/UnityEditor.LinuxStandalone.Extensions.dll
Register platform support module: D:/SeniorProject/2022.3.8f1/Editor/Data/PlaybackEngines/MetroSupport/UnityEditor.UWP.Extensions.dll
Registered in 0.009104 seconds.
- Loaded All Assemblies, in  0.248 seconds
Native extension for UWP target not found
Native extension for LinuxStandalone target not found
Native extension for WindowsStandalone target not found
[usbmuxd] Start listen thread
[usbmuxd] Listen thread started
Native extension for AppleTV target not found
[usbmuxd] Start listen thread
[usbmuxd] Listen thread started
Native extension for iOS target not found
Native extension for Android target not found
Android Extension - Scanning For ADB Devices 1190 ms
Native extension for OSXStandalone target not found
Native extension for WebGL target not found
Mono: successfully reloaded assembly
- Finished resetting the current domain, in  1.422 seconds
Domain Reload Profiling: 1670ms
	BeginReloadAssembly (78ms)
		ExecutionOrderSort (0ms)
		DisableScriptedObjects (0ms)
		BackupInstance (0ms)
		ReleaseScriptingObjects (0ms)
		CreateAndSetChildDomain (1ms)
	RebuildCommonClasses (22ms)
	RebuildNativeTypeToScriptingClass (8ms)
	initialDomainReloadingComplete (39ms)
	LoadAllAssembliesAndSetupDomain (101ms)
		LoadAssemblies (79ms)
		RebuildTransferFunctionScriptingTraits (0ms)
		AnalyzeDomain (98ms)
			TypeCache.Refresh (97ms)
				TypeCache.ScanAssembly (87ms)
			ScanForSourceGeneratedMonoScriptInfo (0ms)
			ResolveRequiredComponents (0ms)
	FinalizeReload (1422ms)
		ReleaseScriptCaches (0ms)
		RebuildScriptCaches (0ms)
		SetupLoadedEditorAssemblies (1381ms)
			LogAssemblyErrors (0ms)
			InitializePlatformSupportModulesInManaged (1288ms)
			SetLoadedEditorAssemblies (3ms)
			RefreshPlugins (0ms)
			BeforeProcessingInitializeOnLoad (1ms)
			ProcessInitializeOnLoadAttributes (58ms)
			ProcessInitializeOnLoadMethodAttributes (30ms)
			AfterProcessingInitializeOnLoad (0ms)
			EditorAssembliesLoaded (0ms)
		ExecutionOrderSort2 (0ms)
		AwakeInstancesAfterBackupRestoration (0ms)
========================================================================
Worker process is ready to serve import requests
Begin MonoManager ReloadAssembly
- Loaded All Assemblies, in  0.493 seconds
Refreshing native plugins compatible for Editor in 5.84 ms, found 12 plugins.
Native extension for UWP target not found
Native extension for LinuxStandalone target not found
Native extension for WindowsStandalone target not found
Native extension for AppleTV target not found
Native extension for iOS target not found
Native extension for Android target not found
Native extension for OSXStandalone target not found
Native extension for WebGL target not found
Package Manager log level set to [2]
[Package Manager] Server::EnsureServerProcessIsRunning -- launch failed, reason: Unity was launched with the -noUpm command-line argument
[Package Manager] UpmClient::Send -- Unable to send message (not connected to UPM process).
[Package Manager] Cannot connect to Unity Package Manager local server
[Package Manager] Server::EnsureServerProcessIsRunning -- launch failed, reason: Unity was launched with the -noUpm command-line argument
[Package Manager] UpmClient::Send -- Unable to send message (not connected to UPM process).
[Package Manager] Cannot connect to Unity Package Manager local server
System.Reflection.TargetInvocationException: Exception has been thrown by the target of an invocation. ---> System.NullReferenceException: Object reference not set to an instance of an object
  at Unity.XR.Oculus.OculusLoader.AssetPathToAbsolutePath (System.String assetPath) [0x0003d] in .\Library\PackageCache\com.unity.xr.oculus@4.0.0\Runtime\OculusLoader.cs:282 
  at Unity.XR.Oculus.OculusLoader.EditorLoadOVRPlugin () [0x0007b] in .\Library\PackageCache\com.unity.xr.oculus@4.0.0\Runtime\OculusLoader.cs:267 
  at (wrapper managed-to-native) System.Reflection.RuntimeMethodInfo.InternalInvoke(System.Reflection.RuntimeMethodInfo,object,object[],System.Exception&)
  at System.Reflection.RuntimeMethodInfo.Invoke (System.Object obj, System.Reflection.BindingFlags invokeAttr, System.Reflection.Binder binder, System.Object[] parameters, System.Globalization.CultureInfo culture) [0x0006a] in <b89873cb176e44a995a4781c7487d410>:0 
   --- End of inner exception stack trace ---
  at System.Reflection.RuntimeMethodInfo.Invoke (System.Object obj, System.Reflection.BindingFlags invokeAttr, System.Reflection.Binder binder, System.Object[] parameters, System.Globalization.CultureInfo culture) [0x00083] in <b89873cb176e44a995a4781c7487d410>:0 
  at System.Reflection.MethodBase.Invoke (System.Object obj, System.Object[] parameters) [0x00000] in <b89873cb176e44a995a4781c7487d410>:0 
  at UnityEditor.EditorAssemblies.ProcessInitializeOnLoadMethodAttributes () [0x000a5] in <35c0e5f206594d2fa707969117964d70>:0 
UnityEngine.StackTraceUtility:ExtractStackTrace ()
UnityEngine.DebugLogHandler:LogFormat (UnityEngine.LogType,UnityEngine.Object,string,object[])
UnityEngine.Logger:Log (UnityEngine.LogType,object)
UnityEngine.Debug:LogError (object)
UnityEditor.EditorAssemblies:ProcessInitializeOnLoadMethodAttributes ()

Mono: successfully reloaded assembly
[Package Manager] Server::EnsureServerProcessIsRunning -- launch failed, reason: Unity was launched with the -noUpm command-line argument
[Package Manager] UpmClient::Send -- Unable to send message (not connected to UPM process).
[Package Manager] Cannot connect to Unity Package Manager local server
[Package Manager] Server::EnsureServerProcessIsRunning -- launch failed, reason: Unity was launched with the -noUpm command-line argument
[Package Manager] UpmClient::Send -- Unable to send message (not connected to UPM process).
[Package Manager] Cannot connect to Unity Package Manager local server
- Finished resetting the current domain, in  0.574 seconds
Domain Reload Profiling: 1066ms
	BeginReloadAssembly (109ms)
		ExecutionOrderSort (0ms)
		DisableScriptedObjects (3ms)
		BackupInstance (0ms)
		ReleaseScriptingObjects (0ms)
		CreateAndSetChildDomain (15ms)
	RebuildCommonClasses (23ms)
	RebuildNativeTypeToScriptingClass (7ms)
	initialDomainReloadingComplete (25ms)
	LoadAllAssembliesAndSetupDomain (328ms)
		LoadAssemblies (218ms)
		RebuildTransferFunctionScriptingTraits (0ms)
		AnalyzeDomain (171ms)
			TypeCache.Refresh (134ms)
				TypeCache.ScanAssembly (119ms)
			ScanForSourceGeneratedMonoScriptInfo (20ms)
			ResolveRequiredComponents (17ms)
	FinalizeReload (574ms)
		ReleaseScriptCaches (0ms)
		RebuildScriptCaches (0ms)
		SetupLoadedEditorAssemblies (444ms)
			LogAssemblyErrors (0ms)
			InitializePlatformSupportModulesInManaged (31ms)
			SetLoadedEditorAssemblies (2ms)
			RefreshPlugins (0ms)
			BeforeProcessingInitializeOnLoad (63ms)
			ProcessInitializeOnLoadAttributes (274ms)
			ProcessInitializeOnLoadMethodAttributes (73ms)
			AfterProcessingInitializeOnLoad (2ms)
			EditorAssembliesLoaded (0ms)
		ExecutionOrderSort2 (0ms)
		AwakeInstancesAfterBackupRestoration (6ms)
Launched and connected shader compiler UnityShaderCompiler.exe after 0.04 seconds
Refreshing native plugins compatible for Editor in 5.84 ms, found 12 plugins.
Preloading 1 native plugins for Editor in 0.04 ms.
Unloading 6358 Unused Serialized files (Serialized files now loaded: 0)
Unloading 106 unused Assets / (408.4 KB). Loaded Objects now: 6853.
Memory consumption went from 238.5 MB to 238.1 MB.
Total: 2.922300 ms (FindLiveObjects: 0.293000 ms CreateObjectMapping: 0.179600 ms MarkObjects: 2.259200 ms  DeleteObjects: 0.189700 ms)

AssetImportParameters requested are different than current active one (requested -> active):
  custom:container-demuxer-ogg: 62fdf1f143b41e24485cea50d1cbac27 -> 
  custom:video-decoder-ogg-theora: a1e56fd34408186e4bbccfd4996cb3dc -> 
  custom:framework-win-MediaFoundation: 216162199b28c13a410421893ffa2e32 -> 
  custom:container-demuxer-webm: 4f35f7cbe854078d1ac9338744f61a02 -> 
  custom:container-muxer-webm: aa71ff27fc2769a1b78a27578f13a17b -> 
  custom:video-decoder-webm-vp8: 9c59270c3fd7afecdb556c50c9e8de78 -> 
  custom:SearchIndexIgnoredProperties: e643bd26f0fe6173181afceb89e7c659 -> 
  custom:AudioImporter_EditorPlatform: d09bf68614088b80899f8185d706f6e7 -> 
  custom:video-encoder-webm-vp8: eb34c28f22e8b96e1ab97ce403110664 -> 
  custom:audio-decoder-ogg-vorbis: bf7c407c2cedff20999df2af8eb42d56 -> 
  custom:audio-encoder-webm-vorbis: bf7c407c2cedff20999df2af8eb42d56 -> 
========================================================================
Received Import Request.
  Time since last request: 1463.469626 seconds.
  path: Assets/Textures/Icons/appicon.png
  artifactKey: Guid(0ba9d9525f290cf4886a2b3908371126) Importer(2089858483,0ecaa5967403d082aa24f35e1b516d23)
Start importing Assets/Textures/Icons/appicon.png using Guid(0ba9d9525f290cf4886a2b3908371126) Importer(2089858483,0ecaa5967403d082aa24f35e1b516d23) Generated GUIDs only implemented for interfaces!
 -> (artifact id: '15c65960c877ad2bb908455387badc4c') in 0.182972 seconds
Number of updated asset objects reloaded before import = 0
Number of asset objects unloaded after import = 1
========================================================================
Received Import Request.
  Time since last request: 30.404696 seconds.
  path: Assets/Textures/UI/MG_One_Instructions/1.png
  artifactKey: Guid(451e666bb426d4d4eb37b81b8848e0b7) Importer(815301076,1909f56bfc062723c751e8b465ee728b)
Start importing Assets/Textures/UI/MG_One_Instructions/1.png using Guid(451e666bb426d4d4eb37b81b8848e0b7) Importer(815301076,1909f56bfc062723c751e8b465ee728b)  -> (artifact id: 'e1f071d57e8f4436fa33cc4e2cecb5e8') in 0.086056 seconds
Number of updated asset objects reloaded before import = 0
Number of asset objects unloaded after import = 2
========================================================================
Received Import Request.
  Time since last request: 0.000017 seconds.
  path: Assets/Materials/SatalliteTextures/Materials/ArrayPanelTextures/Array_Color-Panel-1-reflectance_1.psd
  artifactKey: Guid(f87d66bf9f6155f4987f14b9b70058af) Importer(815301076,1909f56bfc062723c751e8b465ee728b)
Start importing Assets/Materials/SatalliteTextures/Materials/ArrayPanelTextures/Array_Color-Panel-1-reflectance_1.psd using Guid(f87d66bf9f6155f4987f14b9b70058af) Importer(815301076,1909f56bfc062723c751e8b465ee728b)  -> (artifact id: 'fdac59524661b7af298f33375951eff3') in 0.046192 seconds
Number of updated asset objects reloaded before import = 0
Number of asset objects unloaded after import = 2
========================================================================
Received Import Request.
  Time since last request: 0.000033 seconds.
  path: Assets/Samples/XR Interaction Toolkit/2.5.2/Starter Assets/DemoSceneAssets/Sprites/Asset.png
  artifactKey: Guid(17d565bb4a7744b41b7e4dc7e3a09e35) Importer(815301076,1909f56bfc062723c751e8b465ee728b)
Start importing Assets/Samples/XR Interaction Toolkit/2.5.2/Starter Assets/DemoSceneAssets/Sprites/Asset.png using Guid(17d565bb4a7744b41b7e4dc7e3a09e35) Importer(815301076,1909f56bfc062723c751e8b465ee728b)  -> (artifact id: 'c5d672ab5ed97da56c5a91f1bacda75c') in 0.036766 seconds
Number of updated asset objects reloaded before import = 0
Number of asset objects unloaded after import = 3
========================================================================
Received Import Request.
  Time since last request: 0.004309 seconds.
  path: Assets/Textures/UI/Pop_Ups_MG_One/6.png
  artifactKey: Guid(589bc2b66c96a7d4b94655742b2d8c80) Importer(815301076,1909f56bfc062723c751e8b465ee728b)
Start importing Assets/Textures/UI/Pop_Ups_MG_One/6.png using Guid(589bc2b66c96a7d4b94655742b2d8c80) Importer(815301076,1909f56bfc062723c751e8b465ee728b)  -> (artifact id: 'd2198d10b6d09ffdf44af33b76867219') in 0.063131 seconds
Number of updated asset objects reloaded before import = 0
Number of asset objects unloaded after import = 3
========================================================================
Received Import Request.
  Time since last request: 0.000016 seconds.
  path: Assets/Materials/SatalliteTextures/Circle.jpg
  artifactKey: Guid(2f47289525f41dc4bb2fd409aa244d37) Importer(815301076,1909f56bfc062723c751e8b465ee728b)
Start importing Assets/Materials/SatalliteTextures/Circle.jpg using Guid(2f47289525f41dc4bb2fd409aa244d37) Importer(815301076,1909f56bfc062723c751e8b465ee728b)  -> (artifact id: 'c6d7d6e908bd496d65c050d38c4c9997') in 0.051942 seconds
Number of updated asset objects reloaded before import = 0
Number of asset objects unloaded after import = 2
========================================================================
Received Import Request.
  Time since last request: 0.000019 seconds.
  path: Assets/Samples/XR Interaction Toolkit/2.5.2/Starter Assets/DemoSceneAssets/Sprites/Checkmark.png
  artifactKey: Guid(db3e7b7c8db355e499429545071a0321) Importer(815301076,1909f56bfc062723c751e8b465ee728b)
Start importing Assets/Samples/XR Interaction Toolkit/2.5.2/Starter Assets/DemoSceneAssets/Sprites/Checkmark.png using Guid(db3e7b7c8db355e499429545071a0321) Importer(815301076,1909f56bfc062723c751e8b465ee728b)  -> (artifact id: 'b991959f0ecf6abbfa130d7af5591ad8') in 0.042312 seconds
Number of updated asset objects reloaded before import = 0
Number of asset objects unloaded after import = 3
========================================================================
Received Import Request.
  Time since last request: 0.000017 seconds.
  path: Assets/Models/HandyHandPack/Textures/CombatGlove_Normal.png
  artifactKey: Guid(9c8ecce658772244d8fd882acd7c3d2f) Importer(815301076,1909f56bfc062723c751e8b465ee728b)
Start importing Assets/Models/HandyHandPack/Textures/CombatGlove_Normal.png using Guid(9c8ecce658772244d8fd882acd7c3d2f) Importer(815301076,1909f56bfc062723c751e8b465ee728b)  -> (artifact id: '57c2e1c7efa530b3dbfb669aa8fef046') in 0.079837 seconds
Number of updated asset objects reloaded before import = 0
Number of asset objects unloaded after import = 2
========================================================================
Received Import Request.
  Time since last request: 0.000021 seconds.
  path: Assets/Textures/UI/Pop_Ups_MG_One/7 1.png
  artifactKey: Guid(932d6e8974b04c2428999d8124fb0be2) Importer(815301076,1909f56bfc062723c751e8b465ee728b)
Start importing Assets/Textures/UI/Pop_Ups_MG_One/7 1.png using Guid(932d6e8974b04c2428999d8124fb0be2) Importer(815301076,1909f56bfc062723c751e8b465ee728b)  -> (artifact id: 'a0df27381dadb7f10221596a96a7b72f') in 0.057613 seconds
Number of updated asset objects reloaded before import = 0
Number of asset objects unloaded after import = 3
========================================================================
Received Import Request.
  Time since last request: 0.000017 seconds.
  path: Assets/Models/HandyHandPack/Textures/BasicHand_Occlusion.png
  artifactKey: Guid(44bfaa91f4b452c47a3d375ade9572ae) Importer(815301076,1909f56bfc062723c751e8b465ee728b)
Start importing Assets/Models/HandyHandPack/Textures/BasicHand_Occlusion.png using Guid(44bfaa91f4b452c47a3d375ade9572ae) Importer(815301076,1909f56bfc062723c751e8b465ee728b)  -> (artifact id: '13c6da164eb004a175e2d90beeb051c2') in 0.075362 seconds
Number of updated asset objects reloaded before import = 0
Number of asset objects unloaded after import = 2
========================================================================
Received Import Request.
  Time since last request: 0.000015 seconds.
  path: Assets/Textures/Icons/building.PNG
  artifactKey: Guid(689111fb35c9b7549a5ae209ab8a1655) Importer(815301076,1909f56bfc062723c751e8b465ee728b)
Start importing Assets/Textures/Icons/building.PNG using Guid(689111fb35c9b7549a5ae209ab8a1655) Importer(815301076,1909f56bfc062723c751e8b465ee728b)  -> (artifact id: '01814fe8f614a8ad7af58dc619ecf469') in 0.057225 seconds
Number of updated asset objects reloaded before import = 0
Number of asset objects unloaded after import = 3
========================================================================
Received Import Request.
  Time since last request: 0.000018 seconds.
  path: Assets/Plugins/TextMesh Pro/Examples & Extras/Resources/Fonts & Materials/Bangers SDF.asset
  artifactKey: Guid(125cb55b44b24c4393181402bc6200e6) Importer(815301076,1909f56bfc062723c751e8b465ee728b)
Start importing Assets/Plugins/TextMesh Pro/Examples & Extras/Resources/Fonts & Materials/Bangers SDF.asset using Guid(125cb55b44b24c4393181402bc6200e6) Importer(815301076,1909f56bfc062723c751e8b465ee728b)  -> (artifact id: '27d8653f94a44c2147ae87d42c7f7b16') in 0.266779 seconds
Number of updated asset objects reloaded before import = 0
Number of asset objects unloaded after import = 7
========================================================================
Received Import Request.
  Time since last request: 0.000028 seconds.
  path: Assets/Models/HandyHandPack/Textures/BoxingGlove_Shiny_BaseColor.png
  artifactKey: Guid(65265e5dcd1537a44a608e022d9d7993) Importer(815301076,1909f56bfc062723c751e8b465ee728b)
Start importing Assets/Models/HandyHandPack/Textures/BoxingGlove_Shiny_BaseColor.png using Guid(65265e5dcd1537a44a608e022d9d7993) Importer(815301076,1909f56bfc062723c751e8b465ee728b)  -> (artifact id: 'a9d13c310f442b420ffdadea7b579879') in 0.056278 seconds
Number of updated asset objects reloaded before import = 0
Number of asset objects unloaded after import = 2
========================================================================
Received Import Request.
  Time since last request: 0.000021 seconds.
  path: Assets/Materials/balldimpled.png
  artifactKey: Guid(a5b4baa0f45d7d546a8e971b023809ef) Importer(815301076,1909f56bfc062723c751e8b465ee728b)
Start importing Assets/Materials/balldimpled.png using Guid(a5b4baa0f45d7d546a8e971b023809ef) Importer(815301076,1909f56bfc062723c751e8b465ee728b)  -> (artifact id: '8aec2e374f2815b6d56ca66acf1a899d') in 0.035407 seconds
Number of updated asset objects reloaded before import = 0
Number of asset objects unloaded after import = 2
========================================================================
Received Import Request.
  Time since last request: 0.000021 seconds.
  path: Assets/Materials/SatalliteTextures/Materials/ArrayPanelTextures/Array_Color-Panel-4-bandf_1.psd
  artifactKey: Guid(f49672d9895ab5a42bf05dbc0376c388) Importer(815301076,1909f56bfc062723c751e8b465ee728b)
Start importing Assets/Materials/SatalliteTextures/Materials/ArrayPanelTextures/Array_Color-Panel-4-bandf_1.psd using Guid(f49672d9895ab5a42bf05dbc0376c388) Importer(815301076,1909f56bfc062723c751e8b465ee728b)  -> (artifact id: '9ab1368db2754356ef0d3a360e049d22') in 0.050742 seconds
Number of updated asset objects reloaded before import = 0
Number of asset objects unloaded after import = 2
========================================================================
Received Import Request.
  Time since last request: 0.000019 seconds.
  path: Assets/Models/HandyHandPack/Textures/BoxingGlove_White_Albedo.png
  artifactKey: Guid(30dae1de027c79d4c9e2307c1248554f) Importer(815301076,1909f56bfc062723c751e8b465ee728b)
Start importing Assets/Models/HandyHandPack/Textures/BoxingGlove_White_Albedo.png using Guid(30dae1de027c79d4c9e2307c1248554f) Importer(815301076,1909f56bfc062723c751e8b465ee728b)  -> (artifact id: '9a0bf274ae54307abc8fa3d9d5a5ea0a') in 0.071579 seconds
Number of updated asset objects reloaded before import = 0
Number of asset objects unloaded after import = 2
========================================================================
Received Import Request.
  Time since last request: 0.000023 seconds.
  path: Assets/Textures/UI/Pop_Ups_MG_One/11.png
  artifactKey: Guid(2878fab68ebcdf74ab90702a8d580158) Importer(815301076,1909f56bfc062723c751e8b465ee728b)
Start importing Assets/Textures/UI/Pop_Ups_MG_One/11.png using Guid(2878fab68ebcdf74ab90702a8d580158) Importer(815301076,1909f56bfc062723c751e8b465ee728b)  -> (artifact id: '95d3dcf4ed25f0059685f6b6c208f5c7') in 0.040683 seconds
Number of updated asset objects reloaded before import = 0
Number of asset objects unloaded after import = 3
========================================================================
Received Import Request.
  Time since last request: 0.000028 seconds.
  path: Assets/Models/HandyHandPack/Textures/CombatGlove_MetallicSmoothness.png
  artifactKey: Guid(7458ccc6919698143a2b92ff6992009a) Importer(815301076,1909f56bfc062723c751e8b465ee728b)
Start importing Assets/Models/HandyHandPack/Textures/CombatGlove_MetallicSmoothness.png using Guid(7458ccc6919698143a2b92ff6992009a) Importer(815301076,1909f56bfc062723c751e8b465ee728b)  -> (artifact id: '5afdabe89df59c0157527e960c5dc51d') in 0.044623 seconds
Number of updated asset objects reloaded before import = 0
Number of asset objects unloaded after import = 2
========================================================================
Received Import Request.
  Time since last request: 0.000016 seconds.
  path: Assets/Materials/SatalliteTextures/Materials/ArrayPanelTextures/Array_Color-Panel-4-bandf.psd
  artifactKey: Guid(7af19bd486f176f4b9bfa5a4c3b1d022) Importer(815301076,1909f56bfc062723c751e8b465ee728b)
Start importing Assets/Materials/SatalliteTextures/Materials/ArrayPanelTextures/Array_Color-Panel-4-bandf.psd using Guid(7af19bd486f176f4b9bfa5a4c3b1d022) Importer(815301076,1909f56bfc062723c751e8b465ee728b)  -> (artifact id: '1b9f300f01b6131e236bab3bdaf14a3e') in 0.036362 seconds
Number of updated asset objects reloaded before import = 0
Number of asset objects unloaded after import = 2
========================================================================
Received Import Request.
  Time since last request: 0.000019 seconds.
  path: Assets/Plugins/TextMesh Pro/Examples & Extras/Sprites/Default Sprites.png
  artifactKey: Guid(a0fc465d6cf04254a2938578735e2383) Importer(815301076,1909f56bfc062723c751e8b465ee728b)
Start importing Assets/Plugins/TextMesh Pro/Examples & Extras/Sprites/Default Sprites.png using Guid(a0fc465d6cf04254a2938578735e2383) Importer(815301076,1909f56bfc062723c751e8b465ee728b)  -> (artifact id: 'a77d8aafe0f18d7bc24b6d043a8f2060') in 0.038898 seconds
Number of updated asset objects reloaded before import = 0
Number of asset objects unloaded after import = 2
========================================================================
Received Import Request.
  Time since last request: 0.000023 seconds.
  path: Assets/Models/HandyHandPack/Textures/BoxingGlove_Normal.png
  artifactKey: Guid(eb846d9d68de27946b403bb962bc5ac8) Importer(815301076,1909f56bfc062723c751e8b465ee728b)
Start importing Assets/Models/HandyHandPack/Textures/BoxingGlove_Normal.png using Guid(eb846d9d68de27946b403bb962bc5ac8) Importer(815301076,1909f56bfc062723c751e8b465ee728b)  -> (artifact id: 'dc85a9fac7cf9e322c132ccd110ba4ff') in 0.053673 seconds
Number of updated asset objects reloaded before import = 0
Number of asset objects unloaded after import = 2
========================================================================
Received Import Request.
  Time since last request: 0.000030 seconds.
  path: Assets/Plugins/TextMesh Pro/Examples & Extras/Resources/Fonts & Materials/Electronic Highway Sign SDF.asset
  artifactKey: Guid(dc36b3fdc14f47ebb36fd484a67e268a) Importer(815301076,1909f56bfc062723c751e8b465ee728b)
Start importing Assets/Plugins/TextMesh Pro/Examples & Extras/Resources/Fonts & Materials/Electronic Highway Sign SDF.asset using Guid(dc36b3fdc14f47ebb36fd484a67e268a) Importer(815301076,1909f56bfc062723c751e8b465ee728b)  -> (artifact id: '7736f7563dea416672378d2067e951f6') in 0.050001 seconds
Number of updated asset objects reloaded before import = 0
Number of asset objects unloaded after import = 7
========================================================================
Received Import Request.
  Time since last request: 0.000030 seconds.
  path: Assets/Materials/CustomTextures/crab_nebula.png
  artifactKey: Guid(48d486a662491964a846a2aded0cb63e) Importer(815301076,1909f56bfc062723c751e8b465ee728b)
Start importing Assets/Materials/CustomTextures/crab_nebula.png using Guid(48d486a662491964a846a2aded0cb63e) Importer(815301076,1909f56bfc062723c751e8b465ee728b)  -> (artifact id: 'ff06000ae2de6ad85c623521629b6ac3') in 0.408034 seconds
Number of updated asset objects reloaded before import = 0
Number of asset objects unloaded after import = 2
========================================================================
Received Import Request.
  Time since last request: 0.000036 seconds.
  path: Assets/Textures/UI/Pop_Ups_MG_One/5.png
  artifactKey: Guid(b6c6f11a765fe1140a3105977708d9b7) Importer(815301076,1909f56bfc062723c751e8b465ee728b)
Start importing Assets/Textures/UI/Pop_Ups_MG_One/5.png using Guid(b6c6f11a765fe1140a3105977708d9b7) Importer(815301076,1909f56bfc062723c751e8b465ee728b)  -> (artifact id: 'f4e172f04fe9c85124ce322574a04eeb') in 0.051923 seconds
Number of updated asset objects reloaded before import = 0
Number of asset objects unloaded after import = 3
========================================================================
Received Import Request.
  Time since last request: 0.000032 seconds.
  path: Assets/Models/HandyHandPack/Textures/BoxingGlove_Blue_Albedo.png
  artifactKey: Guid(5fddda4ae23242a4ba7a0b91f4f37d7e) Importer(815301076,1909f56bfc062723c751e8b465ee728b)
Start importing Assets/Models/HandyHandPack/Textures/BoxingGlove_Blue_Albedo.png using Guid(5fddda4ae23242a4ba7a0b91f4f37d7e) Importer(815301076,1909f56bfc062723c751e8b465ee728b)  -> (artifact id: '8c5e5a3a946d2b47fb467e6e43ec4136') in 0.051577 seconds
Number of updated asset objects reloaded before import = 0
Number of asset objects unloaded after import = 2
========================================================================
Received Import Request.
  Time since last request: 0.000017 seconds.
  path: Assets/Plugins/TextMesh Pro/Examples & Extras/Sprites/DropCap Numbers.psd
  artifactKey: Guid(fd09957580ac4326916010f1f260975b) Importer(815301076,1909f56bfc062723c751e8b465ee728b)
Start importing Assets/Plugins/TextMesh Pro/Examples & Extras/Sprites/DropCap Numbers.psd using Guid(fd09957580ac4326916010f1f260975b) Importer(815301076,1909f56bfc062723c751e8b465ee728b)  -> (artifact id: '81e3f807355a79929b607ca103ac4aef') in 0.032943 seconds
Number of updated asset objects reloaded before import = 0
Number of asset objects unloaded after import = 2
========================================================================
Received Import Request.
  Time since last request: 0.000018 seconds.
  path: Assets/Textures/UI/Pop_Ups_MG_One/12.png
  artifactKey: Guid(b3290b4c6bdba1d489f021c6925002e2) Importer(815301076,1909f56bfc062723c751e8b465ee728b)
Start importing Assets/Textures/UI/Pop_Ups_MG_One/12.png using Guid(b3290b4c6bdba1d489f021c6925002e2) Importer(815301076,1909f56bfc062723c751e8b465ee728b)  -> (artifact id: '7b68b9954b3b8850f7fdd267a1554ca8') in 0.053851 seconds
Number of updated asset objects reloaded before import = 0
Number of asset objects unloaded after import = 3
========================================================================
Received Import Request.
  Time since last request: 0.000018 seconds.
  path: Assets/Materials/SatalliteTextures/Materials/ArrayPanelTextures/Array_Color-Panel-1-bump_1.psd
  artifactKey: Guid(47cdde01fc00e754ea9eb19e00dec934) Importer(815301076,1909f56bfc062723c751e8b465ee728b)
Start importing Assets/Materials/SatalliteTextures/Materials/ArrayPanelTextures/Array_Color-Panel-1-bump_1.psd using Guid(47cdde01fc00e754ea9eb19e00dec934) Importer(815301076,1909f56bfc062723c751e8b465ee728b)  -> (artifact id: '4a530e4d53f0e94b739fc8700e222772') in 0.047317 seconds
Number of updated asset objects reloaded before import = 0
Number of asset objects unloaded after import = 2
========================================================================
Received Import Request.
  Time since last request: 0.000021 seconds.
  path: Assets/Textures/UI/Pop_Ups_MG_One/9.png
  artifactKey: Guid(74f09b0ca927597468e1c829b114feb9) Importer(815301076,1909f56bfc062723c751e8b465ee728b)
Start importing Assets/Textures/UI/Pop_Ups_MG_One/9.png using Guid(74f09b0ca927597468e1c829b114feb9) Importer(815301076,1909f56bfc062723c751e8b465ee728b)  -> (artifact id: 'bf322c39c448ae55fa5ea430de47e8cd') in 0.040136 seconds
Number of updated asset objects reloaded before import = 0
Number of asset objects unloaded after import = 3
========================================================================
Received Import Request.
  Time since last request: 0.000023 seconds.
  path: Assets/Materials/SatalliteTextures/Materials/ArrayPanelTextures/Array_Color-Panel-4-bump_1.psd
  artifactKey: Guid(7eb94f4b5ec37934aa133bd7f192dfd3) Importer(815301076,1909f56bfc062723c751e8b465ee728b)
Start importing Assets/Materials/SatalliteTextures/Materials/ArrayPanelTextures/Array_Color-Panel-4-bump_1.psd using Guid(7eb94f4b5ec37934aa133bd7f192dfd3) Importer(815301076,1909f56bfc062723c751e8b465ee728b)  -> (artifact id: 'eb3d4a34dc2c1ffa5fdff32facdb4a8c') in 0.047664 seconds
Number of updated asset objects reloaded before import = 0
Number of asset objects unloaded after import = 2
========================================================================
Received Import Request.
  Time since last request: 0.000022 seconds.
  path: Assets/Models/HandyHandPack/Textures/CombatGlove_Green_Albedo.png
  artifactKey: Guid(a7b1f84b25ba85844b38e057767a0c5c) Importer(815301076,1909f56bfc062723c751e8b465ee728b)
Start importing Assets/Models/HandyHandPack/Textures/CombatGlove_Green_Albedo.png using Guid(a7b1f84b25ba85844b38e057767a0c5c) Importer(815301076,1909f56bfc062723c751e8b465ee728b)  -> (artifact id: '0608e8bb33f89b1426851ac33cd00659') in 0.068742 seconds
Number of updated asset objects reloaded before import = 0
Number of asset objects unloaded after import = 2
========================================================================
Received Import Request.
  Time since last request: 0.000869 seconds.
  path: Assets/Models/HandyHandPack/Textures/BoxingGlove_MetallicSmoothness.png
  artifactKey: Guid(c88371edd9205b147850c20d976e69bf) Importer(815301076,1909f56bfc062723c751e8b465ee728b)
Start importing Assets/Models/HandyHandPack/Textures/BoxingGlove_MetallicSmoothness.png using Guid(c88371edd9205b147850c20d976e69bf) Importer(815301076,1909f56bfc062723c751e8b465ee728b)  -> (artifact id: 'f9fd035cbe6afa732a6fb4b74a5684e1') in 0.053096 seconds
Number of updated asset objects reloaded before import = 0
Number of asset objects unloaded after import = 2
========================================================================
Received Import Request.
  Time since last request: 0.000017 seconds.
  path: Assets/Materials/SatalliteTextures/Materials/ArrayPanelTextures/Array_Color-Panel-1-bump.psd
  artifactKey: Guid(97aef12140ff1514d91173b8d2a5022a) Importer(815301076,1909f56bfc062723c751e8b465ee728b)
Start importing Assets/Materials/SatalliteTextures/Materials/ArrayPanelTextures/Array_Color-Panel-1-bump.psd using Guid(97aef12140ff1514d91173b8d2a5022a) Importer(815301076,1909f56bfc062723c751e8b465ee728b)  -> (artifact id: '1bf16bb11353f82ee1f0dff304f96de2') in 0.058885 seconds
Number of updated asset objects reloaded before import = 0
Number of asset objects unloaded after import = 2
========================================================================
Received Import Request.
  Time since last request: 0.000022 seconds.
  path: Assets/Materials/SatalliteTextures/Materials/ArrayPanelTextures/Array_Color-Panel-3-bump.psd
  artifactKey: Guid(e248ea3df1854ca4b91dff234e0a57e5) Importer(815301076,1909f56bfc062723c751e8b465ee728b)
Start importing Assets/Materials/SatalliteTextures/Materials/ArrayPanelTextures/Array_Color-Panel-3-bump.psd using Guid(e248ea3df1854ca4b91dff234e0a57e5) Importer(815301076,1909f56bfc062723c751e8b465ee728b)  -> (artifact id: 'e520482362dd06dac504d93873d08f96') in 0.054814 seconds
Number of updated asset objects reloaded before import = 0
Number of asset objects unloaded after import = 2
========================================================================
Received Import Request.
  Time since last request: 0.001702 seconds.
  path: Assets/Materials/SatalliteTextures/Materials/ArrayPanelTextures/Array_Color-Panel-2-bandf.psd
  artifactKey: Guid(e92820810e6f4074d84f33d24de04962) Importer(815301076,1909f56bfc062723c751e8b465ee728b)
Start importing Assets/Materials/SatalliteTextures/Materials/ArrayPanelTextures/Array_Color-Panel-2-bandf.psd using Guid(e92820810e6f4074d84f33d24de04962) Importer(815301076,1909f56bfc062723c751e8b465ee728b)  -> (artifact id: '137112632adad23af0e5dccc03251f52') in 0.043359 seconds
Number of updated asset objects reloaded before import = 0
Number of asset objects unloaded after import = 2
========================================================================
Received Prepare
Refreshing native plugins compatible for Editor in 6.36 ms, found 12 plugins.
Preloading 1 native plugins for Editor in 0.07 ms.
Unloading 2 Unused Serialized files (Serialized files now loaded: 0)
Unloading 2 unused Assets / (329.2 KB). Loaded Objects now: 6996.
Memory consumption went from 112.9 MB to 112.5 MB.
Total: 17.559800 ms (FindLiveObjects: 0.352200 ms CreateObjectMapping: 0.204900 ms MarkObjects: 16.938700 ms  DeleteObjects: 0.061900 ms)

Prepare: number of updated asset objects reloaded= 0
AssetImportParameters requested are different than current active one (requested -> active):
  custom:container-demuxer-ogg: 62fdf1f143b41e24485cea50d1cbac27 -> 
  custom:video-decoder-ogg-theora: a1e56fd34408186e4bbccfd4996cb3dc -> 
  custom:framework-win-MediaFoundation: 216162199b28c13a410421893ffa2e32 -> 
  custom:CustomObjectIndexerAttribute: a3ef5dd2817f97addfee359851a9dba5 -> 
  custom:container-demuxer-webm: 4f35f7cbe854078d1ac9338744f61a02 -> 
  custom:container-muxer-webm: aa71ff27fc2769a1b78a27578f13a17b -> 
  custom:video-decoder-webm-vp8: 9c59270c3fd7afecdb556c50c9e8de78 -> 
  custom:SearchIndexIgnoredProperties: e643bd26f0fe6173181afceb89e7c659 -> 
  custom:AudioImporter_EditorPlatform: d09bf68614088b80899f8185d706f6e7 -> 
  custom:video-encoder-webm-vp8: eb34c28f22e8b96e1ab97ce403110664 -> 
  custom:audio-decoder-ogg-vorbis: bf7c407c2cedff20999df2af8eb42d56 -> 
  custom:audio-encoder-webm-vorbis: bf7c407c2cedff20999df2af8eb42d56 -> 
========================================================================
Received Prepare
Refreshing native plugins compatible for Editor in 9.35 ms, found 12 plugins.
Preloading 1 native plugins for Editor in 0.03 ms.
Unloading 2 Unused Serialized files (Serialized files now loaded: 0)
Unloading 2 unused Assets / (329.2 KB). Loaded Objects now: 6996.
Memory consumption went from 112.9 MB to 112.5 MB.
Total: 3.812200 ms (FindLiveObjects: 0.314100 ms CreateObjectMapping: 0.202100 ms MarkObjects: 3.240200 ms  DeleteObjects: 0.054900 ms)

Prepare: number of updated asset objects reloaded= 0
AssetImportParameters requested are different than current active one (requested -> active):
  custom:container-demuxer-ogg: 62fdf1f143b41e24485cea50d1cbac27 -> 
  custom:video-decoder-ogg-theora: a1e56fd34408186e4bbccfd4996cb3dc -> 
  custom:framework-win-MediaFoundation: 216162199b28c13a410421893ffa2e32 -> 
  custom:CustomObjectIndexerAttribute: a3ef5dd2817f97addfee359851a9dba5 -> 
  custom:container-demuxer-webm: 4f35f7cbe854078d1ac9338744f61a02 -> 
  custom:container-muxer-webm: aa71ff27fc2769a1b78a27578f13a17b -> 
  custom:video-decoder-webm-vp8: 9c59270c3fd7afecdb556c50c9e8de78 -> 
  custom:SearchIndexIgnoredProperties: e643bd26f0fe6173181afceb89e7c659 -> 
  custom:AudioImporter_EditorPlatform: d09bf68614088b80899f8185d706f6e7 -> 
  custom:video-encoder-webm-vp8: eb34c28f22e8b96e1ab97ce403110664 -> 
  custom:audio-decoder-ogg-vorbis: bf7c407c2cedff20999df2af8eb42d56 -> 
  custom:audio-encoder-webm-vorbis: bf7c407c2cedff20999df2af8eb42d56 -> 
========================================================================
Received Import Request.
  Time since last request: 151.112048 seconds.
  path: Assets/Plugins/TextMesh Pro/Examples & Extras/Resources/Fonts & Materials/Roboto-Bold SDF.asset
  artifactKey: Guid(5302535af1044152a457ed104f1f4b91) Importer(2089858483,0ecaa5967403d082aa24f35e1b516d23)
Start importing Assets/Plugins/TextMesh Pro/Examples & Extras/Resources/Fonts & Materials/Roboto-Bold SDF.asset using Guid(5302535af1044152a457ed104f1f4b91) Importer(2089858483,0ecaa5967403d082aa24f35e1b516d23) Generated GUIDs only implemented for interfaces!
 -> (artifact id: '4fcc42dd497082f5b7e8a59c7b128924') in 0.315529 seconds
Number of updated asset objects reloaded before import = 0
Number of asset objects unloaded after import = 5
